<?xml version="1.0" encoding="utf-8"?>
<bgf:grammar xmlns:bgf="http://planet-sl.org/bgf">
  <bgf:production>
    <nonterminal>N</nonterminal>
    <bgf:expression>
      <plus>
        <bgf:expression>
          <terminal>a</terminal>
        </bgf:expression>
      </plus>
    </bgf:expression>
  </bgf:production>
</bgf:grammar>