<?xml version="1.0" encoding="UTF-8"?>
<bgf:grammar xmlns:bgf="http://planet-sl.org/bgf">
	<bgf:production>
		<nonterminal>foo</nonterminal>
		<bgf:expression>
			<choice>
				<bgf:expression>
					<selectable>
						<selector>one</selector>
						<bgf:expression>
							<nonterminal>bar</nonterminal>
						</bgf:expression>
					</selectable>
				</bgf:expression>
				<bgf:expression>
					<selectable>
						<selector>two</selector>
						<bgf:expression>
							<nonterminal>bar</nonterminal>
						</bgf:expression>
					</selectable>
				</bgf:expression>
				<bgf:expression>
					<selectable>
						<selector>three</selector>
						<bgf:expression>
							<nonterminal>bar</nonterminal>
						</bgf:expression>
					</selectable>
				</bgf:expression>
			</choice>
		</bgf:expression>
	</bgf:production>
</bgf:grammar>
