Loading XML file 'tests/fl.bgf'.
g( [], [
  p([], program, +n(function)),
  p([], function, ','([n(name), +n(name), t(=), n(expr), +n(newline)])),
  p([l(binary)], expr, ','([n(atom), *(','([n(ops), n(atom)]))])),
  p([l(apply)], expr, ','([n(name), +n(atom)])),
  p([l(ifThenElse)], expr, ','([t(if), n(expr), t(then), n(expr), t(else), n(expr)])),
  p([l(literal)], atom, n(int)),
  p([l(argument)], atom, n(name)),
  p([], atom, ','([t('('), n(expr), t(')')])),
  p([l(equal)], ops, t(==)),
  p([l(plus)], ops, t(+)),
  p([l(minus)], ops, t(-))
])
