<?xml version="1.0" encoding="UTF-8"?>
<bgf:grammar xmlns:bgf="http://planet-sl.org/bgf">
	<root>sequence</root>
	<root>atomic</root>
	<root>add</root>
	<root>appear</root>
	<root>chain</root>
	<root>deanonymize</root>
	<root>define</root>
	<root>disappear</root>
	<root>downgrade</root>
	<root>designate</root>
	<root>unlabel</root>
	<root>deyaccify</root>
	<root>distribute</root>
	<root>dump</root>
	<root>eliminate</root>
	<root>extract</root>
	<root>factor</root>
	<root>fold</root>
	<root>horizontal</root>
	<root>inject</root>
	<root>inline</root>
	<root>introduce</root>
	<root>import</root>
	<root>lassoc</root>
	<root>massage</root>
	<root>narrow</root>
	<root>permute</root>
	<root>project</root>
	<root>rassoc</root>
	<root>redefine</root>
	<root>remove</root>
	<root>rename</root>
	<root>replace</root>
	<root>reroot</root>
	<root>abridge</root>
	<root>detour</root>
	<root>strip</root>
	<root>concretize</root>
	<root>unchain</root>
	<root>undefine</root>
	<root>unfold</root>
	<root>unite</root>
	<root>equate</root>
	<root>abstractize</root>
	<root>anonymize</root>
	<root>vertical</root>
	<root>widen</root>
	<root>yaccify</root>
	<root>upgrade</root>
	<root>grammar</root>
	<root>production</root>
	<root>expression</root>
	<bgf:production>
		<nonterminal>sequence</nonterminal>
		<bgf:expression>
			<star>
				<bgf:expression>
					<choice>
						<bgf:expression>
							<nonterminal>transformation</nonterminal>
						</bgf:expression>
						<bgf:expression>
							<nonterminal>atomic</nonterminal>
						</bgf:expression>
					</choice>
				</bgf:expression>
			</star>
		</bgf:expression>
	</bgf:production>
	<bgf:production>
		<nonterminal>atomic</nonterminal>
		<bgf:expression>
			<plus>
				<bgf:expression>
					<nonterminal>transformation</nonterminal>
				</bgf:expression>
			</plus>
		</bgf:expression>
	</bgf:production>
	<bgf:production>
		<nonterminal>transformation</nonterminal>
		<bgf:expression>
			<choice>
				<bgf:expression>
					<nonterminal>folding-unfolding-transformation</nonterminal>
				</bgf:expression>
				<bgf:expression>
					<nonterminal>refactoring-transformation</nonterminal>
				</bgf:expression>
				<bgf:expression>
					<nonterminal>increasing-transformation</nonterminal>
				</bgf:expression>
				<bgf:expression>
					<nonterminal>decreasing-transformation</nonterminal>
				</bgf:expression>
				<bgf:expression>
					<nonterminal>concrete-revising-transformation</nonterminal>
				</bgf:expression>
				<bgf:expression>
					<nonterminal>abstract-revising-transformation</nonterminal>
				</bgf:expression>
				<bgf:expression>
					<nonterminal>decorative-transformation</nonterminal>
				</bgf:expression>
				<bgf:expression>
					<nonterminal>rename</nonterminal>
				</bgf:expression>
				<bgf:expression>
					<nonterminal>reroot</nonterminal>
				</bgf:expression>
				<bgf:expression>
					<nonterminal>strip</nonterminal>
				</bgf:expression>
				<bgf:expression>
					<nonterminal>dump</nonterminal>
				</bgf:expression>
			</choice>
		</bgf:expression>
	</bgf:production>
	<bgf:production>
		<nonterminal>folding-unfolding-transformation</nonterminal>
		<bgf:expression>
			<choice>
				<bgf:expression>
					<nonterminal>unfold</nonterminal>
				</bgf:expression>
				<bgf:expression>
					<nonterminal>fold</nonterminal>
				</bgf:expression>
				<bgf:expression>
					<nonterminal>inline</nonterminal>
				</bgf:expression>
				<bgf:expression>
					<nonterminal>extract</nonterminal>
				</bgf:expression>
				<bgf:expression>
					<nonterminal>abridge</nonterminal>
				</bgf:expression>
				<bgf:expression>
					<nonterminal>detour</nonterminal>
				</bgf:expression>
				<bgf:expression>
					<nonterminal>unchain</nonterminal>
				</bgf:expression>
				<bgf:expression>
					<nonterminal>chain</nonterminal>
				</bgf:expression>
			</choice>
		</bgf:expression>
	</bgf:production>
	<bgf:production>
		<nonterminal>refactoring-transformation</nonterminal>
		<bgf:expression>
			<choice>
				<bgf:expression>
					<nonterminal>massage</nonterminal>
				</bgf:expression>
				<bgf:expression>
					<nonterminal>distribute</nonterminal>
				</bgf:expression>
				<bgf:expression>
					<nonterminal>factor</nonterminal>
				</bgf:expression>
				<bgf:expression>
					<nonterminal>deyaccify</nonterminal>
				</bgf:expression>
				<bgf:expression>
					<nonterminal>yaccify</nonterminal>
				</bgf:expression>
				<bgf:expression>
					<nonterminal>eliminate</nonterminal>
				</bgf:expression>
				<bgf:expression>
					<nonterminal>introduce</nonterminal>
				</bgf:expression>
				<bgf:expression>
					<nonterminal>import</nonterminal>
				</bgf:expression>
				<bgf:expression>
					<nonterminal>vertical</nonterminal>
				</bgf:expression>
				<bgf:expression>
					<nonterminal>horizontal</nonterminal>
				</bgf:expression>
				<bgf:expression>
					<nonterminal>equate</nonterminal>
				</bgf:expression>
				<bgf:expression>
					<nonterminal>rassoc</nonterminal>
				</bgf:expression>
				<bgf:expression>
					<nonterminal>lassoc</nonterminal>
				</bgf:expression>
			</choice>
		</bgf:expression>
	</bgf:production>
	<bgf:production>
		<nonterminal>increasing-transformation</nonterminal>
		<bgf:expression>
			<choice>
				<bgf:expression>
					<nonterminal>add</nonterminal>
				</bgf:expression>
				<bgf:expression>
					<nonterminal>appear</nonterminal>
				</bgf:expression>
				<bgf:expression>
					<nonterminal>widen</nonterminal>
				</bgf:expression>
				<bgf:expression>
					<nonterminal>upgrade</nonterminal>
				</bgf:expression>
				<bgf:expression>
					<nonterminal>unite</nonterminal>
				</bgf:expression>
			</choice>
		</bgf:expression>
	</bgf:production>
	<bgf:production>
		<nonterminal>decreasing-transformation</nonterminal>
		<bgf:expression>
			<choice>
				<bgf:expression>
					<nonterminal>remove</nonterminal>
				</bgf:expression>
				<bgf:expression>
					<nonterminal>disappear</nonterminal>
				</bgf:expression>
				<bgf:expression>
					<nonterminal>narrow</nonterminal>
				</bgf:expression>
				<bgf:expression>
					<nonterminal>downgrade</nonterminal>
				</bgf:expression>
			</choice>
		</bgf:expression>
	</bgf:production>
	<bgf:production>
		<nonterminal>concrete-revising-transformation</nonterminal>
		<bgf:expression>
			<choice>
				<bgf:expression>
					<nonterminal>abstractize</nonterminal>
				</bgf:expression>
				<bgf:expression>
					<nonterminal>concretize</nonterminal>
				</bgf:expression>
				<bgf:expression>
					<nonterminal>permute</nonterminal>
				</bgf:expression>
			</choice>
		</bgf:expression>
	</bgf:production>
	<bgf:production>
		<nonterminal>abstract-revising-transformation</nonterminal>
		<bgf:expression>
			<choice>
				<bgf:expression>
					<nonterminal>define</nonterminal>
				</bgf:expression>
				<bgf:expression>
					<nonterminal>undefine</nonterminal>
				</bgf:expression>
				<bgf:expression>
					<nonterminal>redefine</nonterminal>
				</bgf:expression>
				<bgf:expression>
					<nonterminal>inject</nonterminal>
				</bgf:expression>
				<bgf:expression>
					<nonterminal>project</nonterminal>
				</bgf:expression>
				<bgf:expression>
					<nonterminal>replace</nonterminal>
				</bgf:expression>
			</choice>
		</bgf:expression>
	</bgf:production>
	<bgf:production>
		<nonterminal>decorative-transformation</nonterminal>
		<bgf:expression>
			<choice>
				<bgf:expression>
					<nonterminal>designate</nonterminal>
				</bgf:expression>
				<bgf:expression>
					<nonterminal>unlabel</nonterminal>
				</bgf:expression>
				<bgf:expression>
					<nonterminal>deanonymize</nonterminal>
				</bgf:expression>
				<bgf:expression>
					<nonterminal>anonymize</nonterminal>
				</bgf:expression>
			</choice>
		</bgf:expression>
	</bgf:production>
	<bgf:production>
		<nonterminal>add</nonterminal>
		<bgf:expression>
			<choice>
				<bgf:expression>
					<selectable>
						<selector>vertical</selector>
						<bgf:expression>
							<nonterminal>production</nonterminal>
						</bgf:expression>
					</selectable>
				</bgf:expression>
				<bgf:expression>
					<selectable>
						<selector>horizontal</selector>
						<bgf:expression>
							<nonterminal>production</nonterminal>
						</bgf:expression>
					</selectable>
				</bgf:expression>
			</choice>
		</bgf:expression>
	</bgf:production>
	<bgf:production>
		<nonterminal>appear</nonterminal>
		<bgf:expression>
			<nonterminal>production</nonterminal>
		</bgf:expression>
	</bgf:production>
	<bgf:production>
		<nonterminal>chain</nonterminal>
		<bgf:expression>
			<nonterminal>production</nonterminal>
		</bgf:expression>
	</bgf:production>
	<bgf:production>
		<nonterminal>deanonymize</nonterminal>
		<bgf:expression>
			<nonterminal>production</nonterminal>
		</bgf:expression>
	</bgf:production>
	<bgf:production>
		<nonterminal>define</nonterminal>
		<bgf:expression>
			<sequence>
				<bgf:expression>
					<plus>
						<bgf:expression>
							<nonterminal>production</nonterminal>
						</bgf:expression>
					</plus>
				</bgf:expression>
				<bgf:expression>
					<selectable>
						<selector>tag</selector>
						<bgf:expression>
							<value>string</value>
						</bgf:expression>
					</selectable>
				</bgf:expression>
			</sequence>
		</bgf:expression>
	</bgf:production>
	<bgf:production>
		<nonterminal>disappear</nonterminal>
		<bgf:expression>
			<nonterminal>production</nonterminal>
		</bgf:expression>
	</bgf:production>
	<bgf:production>
		<nonterminal>downgrade</nonterminal>
		<bgf:expression>
			<sequence>
				<bgf:expression>
					<nonterminal>production</nonterminal>
				</bgf:expression>
				<bgf:expression>
					<nonterminal>production</nonterminal>
				</bgf:expression>
			</sequence>
		</bgf:expression>
	</bgf:production>
	<bgf:production>
		<nonterminal>designate</nonterminal>
		<bgf:expression>
			<nonterminal>production</nonterminal>
		</bgf:expression>
	</bgf:production>
	<bgf:production>
		<nonterminal>unlabel</nonterminal>
		<bgf:expression>
			<selectable>
				<selector>label</selector>
				<bgf:expression>
					<nonterminal>label</nonterminal>
				</bgf:expression>
			</selectable>
		</bgf:expression>
	</bgf:production>
	<bgf:production>
		<nonterminal>deyaccify</nonterminal>
		<bgf:expression>
			<selectable>
				<selector>nonterminal</selector>
				<bgf:expression>
					<nonterminal>nonterminal</nonterminal>
				</bgf:expression>
			</selectable>
		</bgf:expression>
	</bgf:production>
	<bgf:production>
		<nonterminal>distribute</nonterminal>
		<bgf:expression>
			<nonterminal>scope</nonterminal>
		</bgf:expression>
	</bgf:production>
	<bgf:production>
		<nonterminal>dump</nonterminal>
		<bgf:expression>
			<epsilon/>
		</bgf:expression>
	</bgf:production>
	<bgf:production>
		<nonterminal>eliminate</nonterminal>
		<bgf:expression>
			<selectable>
				<selector>nonterminal</selector>
				<bgf:expression>
					<nonterminal>nonterminal</nonterminal>
				</bgf:expression>
			</selectable>
		</bgf:expression>
	</bgf:production>
	<bgf:production>
		<nonterminal>extract</nonterminal>
		<bgf:expression>
			<sequence>
				<bgf:expression>
					<nonterminal>production</nonterminal>
				</bgf:expression>
				<bgf:expression>
					<optional>
						<bgf:expression>
							<selectable>
								<selector>in</selector>
								<bgf:expression>
									<nonterminal>scope</nonterminal>
								</bgf:expression>
							</selectable>
						</bgf:expression>
					</optional>
				</bgf:expression>
			</sequence>
		</bgf:expression>
	</bgf:production>
	<bgf:production>
		<nonterminal>factor</nonterminal>
		<bgf:expression>
			<sequence>
				<bgf:expression>
					<nonterminal>expression</nonterminal>
				</bgf:expression>
				<bgf:expression>
					<nonterminal>expression</nonterminal>
				</bgf:expression>
				<bgf:expression>
					<optional>
						<bgf:expression>
							<selectable>
								<selector>in</selector>
								<bgf:expression>
									<nonterminal>scope</nonterminal>
								</bgf:expression>
							</selectable>
						</bgf:expression>
					</optional>
				</bgf:expression>
			</sequence>
		</bgf:expression>
	</bgf:production>
	<bgf:production>
		<nonterminal>fold</nonterminal>
		<bgf:expression>
			<sequence>
				<bgf:expression>
					<selectable>
						<selector>nonterminal</selector>
						<bgf:expression>
							<nonterminal>nonterminal</nonterminal>
						</bgf:expression>
					</selectable>
				</bgf:expression>
				<bgf:expression>
					<optional>
						<bgf:expression>
							<selectable>
								<selector>in</selector>
								<bgf:expression>
									<nonterminal>scope</nonterminal>
								</bgf:expression>
							</selectable>
						</bgf:expression>
					</optional>
				</bgf:expression>
			</sequence>
		</bgf:expression>
	</bgf:production>
	<bgf:production>
		<nonterminal>horizontal</nonterminal>
		<bgf:expression>
			<selectable>
				<selector>nonterminal</selector>
				<bgf:expression>
					<nonterminal>nonterminal</nonterminal>
				</bgf:expression>
			</selectable>
		</bgf:expression>
	</bgf:production>
	<bgf:production>
		<nonterminal>inject</nonterminal>
		<bgf:expression>
			<sequence>
				<bgf:expression>
					<nonterminal>production</nonterminal>
				</bgf:expression>
				<bgf:expression>
					<selectable>
						<selector>tag</selector>
						<bgf:expression>
							<value>string</value>
						</bgf:expression>
					</selectable>
				</bgf:expression>
			</sequence>
		</bgf:expression>
	</bgf:production>
	<bgf:production>
		<nonterminal>inline</nonterminal>
		<bgf:expression>
			<nonterminal>nonterminal</nonterminal>
		</bgf:expression>
	</bgf:production>
	<bgf:production>
		<nonterminal>introduce</nonterminal>
		<bgf:expression>
			<plus>
				<bgf:expression>
					<nonterminal>production</nonterminal>
				</bgf:expression>
			</plus>
		</bgf:expression>
	</bgf:production>
	<bgf:production>
		<nonterminal>import</nonterminal>
		<bgf:expression>
			<plus>
				<bgf:expression>
					<nonterminal>production</nonterminal>
				</bgf:expression>
			</plus>
		</bgf:expression>
	</bgf:production>
	<bgf:production>
		<nonterminal>lassoc</nonterminal>
		<bgf:expression>
			<nonterminal>production</nonterminal>
		</bgf:expression>
	</bgf:production>
	<bgf:production>
		<nonterminal>massage</nonterminal>
		<bgf:expression>
			<sequence>
				<bgf:expression>
					<nonterminal>expression</nonterminal>
				</bgf:expression>
				<bgf:expression>
					<nonterminal>expression</nonterminal>
				</bgf:expression>
				<bgf:expression>
					<optional>
						<bgf:expression>
							<selectable>
								<selector>in</selector>
								<bgf:expression>
									<nonterminal>scope</nonterminal>
								</bgf:expression>
							</selectable>
						</bgf:expression>
					</optional>
				</bgf:expression>
			</sequence>
		</bgf:expression>
	</bgf:production>
	<bgf:production>
		<nonterminal>narrow</nonterminal>
		<bgf:expression>
			<sequence>
				<bgf:expression>
					<nonterminal>expression</nonterminal>
				</bgf:expression>
				<bgf:expression>
					<nonterminal>expression</nonterminal>
				</bgf:expression>
				<bgf:expression>
					<optional>
						<bgf:expression>
							<selectable>
								<selector>in</selector>
								<bgf:expression>
									<nonterminal>scope</nonterminal>
								</bgf:expression>
							</selectable>
						</bgf:expression>
					</optional>
				</bgf:expression>
			</sequence>
		</bgf:expression>
	</bgf:production>
	<bgf:production>
		<nonterminal>permute</nonterminal>
		<bgf:expression>
			<nonterminal>production</nonterminal>
		</bgf:expression>
	</bgf:production>
	<bgf:production>
		<nonterminal>project</nonterminal>
		<bgf:expression>
			<sequence>
				<bgf:expression>
					<nonterminal>production</nonterminal>
				</bgf:expression>
				<bgf:expression>
					<selectable>
						<selector>tag</selector>
						<bgf:expression>
							<value>string</value>
						</bgf:expression>
					</selectable>
				</bgf:expression>
			</sequence>
		</bgf:expression>
	</bgf:production>
	<bgf:production>
		<nonterminal>rassoc</nonterminal>
		<bgf:expression>
			<nonterminal>production</nonterminal>
		</bgf:expression>
	</bgf:production>
	<bgf:production>
		<nonterminal>redefine</nonterminal>
		<bgf:expression>
			<sequence>
				<bgf:expression>
					<plus>
						<bgf:expression>
							<nonterminal>production</nonterminal>
						</bgf:expression>
					</plus>
				</bgf:expression>
				<bgf:expression>
					<selectable>
						<selector>tag</selector>
						<bgf:expression>
							<value>string</value>
						</bgf:expression>
					</selectable>
				</bgf:expression>
			</sequence>
		</bgf:expression>
	</bgf:production>
	<bgf:production>
		<nonterminal>remove</nonterminal>
		<bgf:expression>
			<choice>
				<bgf:expression>
					<selectable>
						<selector>vertical</selector>
						<bgf:expression>
							<nonterminal>production</nonterminal>
						</bgf:expression>
					</selectable>
				</bgf:expression>
				<bgf:expression>
					<selectable>
						<selector>horizontal</selector>
						<bgf:expression>
							<nonterminal>production</nonterminal>
						</bgf:expression>
					</selectable>
				</bgf:expression>
			</choice>
		</bgf:expression>
	</bgf:production>
	<bgf:production>
		<nonterminal>rename</nonterminal>
		<bgf:expression>
			<choice>
				<bgf:expression>
					<selectable>
						<selector>label</selector>
						<bgf:expression>
							<sequence>
								<bgf:expression>
									<selectable>
										<selector>from</selector>
										<bgf:expression>
											<nonterminal>label</nonterminal>
										</bgf:expression>
									</selectable>
								</bgf:expression>
								<bgf:expression>
									<selectable>
										<selector>to</selector>
										<bgf:expression>
											<nonterminal>label</nonterminal>
										</bgf:expression>
									</selectable>
								</bgf:expression>
							</sequence>
						</bgf:expression>
					</selectable>
				</bgf:expression>
				<bgf:expression>
					<selectable>
						<selector>nonterminal</selector>
						<bgf:expression>
							<sequence>
								<bgf:expression>
									<selectable>
										<selector>from</selector>
										<bgf:expression>
											<nonterminal>nonterminal</nonterminal>
										</bgf:expression>
									</selectable>
								</bgf:expression>
								<bgf:expression>
									<selectable>
										<selector>to</selector>
										<bgf:expression>
											<nonterminal>nonterminal</nonterminal>
										</bgf:expression>
									</selectable>
								</bgf:expression>
							</sequence>
						</bgf:expression>
					</selectable>
				</bgf:expression>
				<bgf:expression>
					<selectable>
						<selector>selector</selector>
						<bgf:expression>
							<sequence>
								<bgf:expression>
									<optional>
										<bgf:expression>
											<selectable>
												<selector>in</selector>
												<bgf:expression>
													<nonterminal>label</nonterminal>
												</bgf:expression>
											</selectable>
										</bgf:expression>
									</optional>
								</bgf:expression>
								<bgf:expression>
									<selectable>
										<selector>from</selector>
										<bgf:expression>
											<nonterminal>selector</nonterminal>
										</bgf:expression>
									</selectable>
								</bgf:expression>
								<bgf:expression>
									<selectable>
										<selector>to</selector>
										<bgf:expression>
											<nonterminal>selector</nonterminal>
										</bgf:expression>
									</selectable>
								</bgf:expression>
							</sequence>
						</bgf:expression>
					</selectable>
				</bgf:expression>
				<bgf:expression>
					<selectable>
						<selector>terminal</selector>
						<bgf:expression>
							<sequence>
								<bgf:expression>
									<selectable>
										<selector>from</selector>
										<bgf:expression>
											<nonterminal>terminal</nonterminal>
										</bgf:expression>
									</selectable>
								</bgf:expression>
								<bgf:expression>
									<selectable>
										<selector>to</selector>
										<bgf:expression>
											<nonterminal>terminal</nonterminal>
										</bgf:expression>
									</selectable>
								</bgf:expression>
							</sequence>
						</bgf:expression>
					</selectable>
				</bgf:expression>
			</choice>
		</bgf:expression>
	</bgf:production>
	<bgf:production>
		<nonterminal>replace</nonterminal>
		<bgf:expression>
			<sequence>
				<bgf:expression>
					<nonterminal>expression</nonterminal>
				</bgf:expression>
				<bgf:expression>
					<nonterminal>expression</nonterminal>
				</bgf:expression>
				<bgf:expression>
					<optional>
						<bgf:expression>
							<selectable>
								<selector>in</selector>
								<bgf:expression>
									<nonterminal>scope</nonterminal>
								</bgf:expression>
							</selectable>
						</bgf:expression>
					</optional>
				</bgf:expression>
				<bgf:expression>
					<selectable>
						<selector>tag</selector>
						<bgf:expression>
							<value>string</value>
						</bgf:expression>
					</selectable>
				</bgf:expression>
			</sequence>
		</bgf:expression>
	</bgf:production>
	<bgf:production>
		<nonterminal>reroot</nonterminal>
		<bgf:expression>
			<star>
				<bgf:expression>
					<selectable>
						<selector>root</selector>
						<bgf:expression>
							<nonterminal>nonterminal</nonterminal>
						</bgf:expression>
					</selectable>
				</bgf:expression>
			</star>
		</bgf:expression>
	</bgf:production>
	<bgf:production>
		<nonterminal>abridge</nonterminal>
		<bgf:expression>
			<nonterminal>production</nonterminal>
		</bgf:expression>
	</bgf:production>
	<bgf:production>
		<nonterminal>detour</nonterminal>
		<bgf:expression>
			<nonterminal>production</nonterminal>
		</bgf:expression>
	</bgf:production>
	<bgf:production>
		<nonterminal>strip</nonterminal>
		<bgf:expression>
			<choice>
				<bgf:expression>
					<selectable>
						<selector>label</selector>
						<bgf:expression>
							<nonterminal>label</nonterminal>
						</bgf:expression>
					</selectable>
				</bgf:expression>
				<bgf:expression>
					<selectable>
						<selector>allLabels</selector>
						<bgf:expression>
							<epsilon/>
						</bgf:expression>
					</selectable>
				</bgf:expression>
				<bgf:expression>
					<selectable>
						<selector>selector</selector>
						<bgf:expression>
							<nonterminal>selector</nonterminal>
						</bgf:expression>
					</selectable>
				</bgf:expression>
				<bgf:expression>
					<selectable>
						<selector>allSelectors</selector>
						<bgf:expression>
							<epsilon/>
						</bgf:expression>
					</selectable>
				</bgf:expression>
				<bgf:expression>
					<selectable>
						<selector>terminal</selector>
						<bgf:expression>
							<nonterminal>terminal</nonterminal>
						</bgf:expression>
					</selectable>
				</bgf:expression>
				<bgf:expression>
					<selectable>
						<selector>allTerminals</selector>
						<bgf:expression>
							<epsilon/>
						</bgf:expression>
					</selectable>
				</bgf:expression>
			</choice>
		</bgf:expression>
	</bgf:production>
	<bgf:production>
		<nonterminal>concretize</nonterminal>
		<bgf:expression>
			<nonterminal>production</nonterminal>
		</bgf:expression>
	</bgf:production>
	<bgf:production>
		<nonterminal>unchain</nonterminal>
		<bgf:expression>
			<nonterminal>production</nonterminal>
		</bgf:expression>
	</bgf:production>
	<bgf:production>
		<nonterminal>undefine</nonterminal>
		<bgf:expression>
			<sequence>
				<bgf:expression>
					<plus>
						<bgf:expression>
							<selectable>
								<selector>nonterminal</selector>
								<bgf:expression>
									<nonterminal>nonterminal</nonterminal>
								</bgf:expression>
							</selectable>
						</bgf:expression>
					</plus>
				</bgf:expression>
				<bgf:expression>
					<selectable>
						<selector>tag</selector>
						<bgf:expression>
							<value>string</value>
						</bgf:expression>
					</selectable>
				</bgf:expression>
			</sequence>
		</bgf:expression>
	</bgf:production>
	<bgf:production>
		<nonterminal>unfold</nonterminal>
		<bgf:expression>
			<sequence>
				<bgf:expression>
					<selectable>
						<selector>nonterminal</selector>
						<bgf:expression>
							<nonterminal>nonterminal</nonterminal>
						</bgf:expression>
					</selectable>
				</bgf:expression>
				<bgf:expression>
					<optional>
						<bgf:expression>
							<selectable>
								<selector>in</selector>
								<bgf:expression>
									<nonterminal>scope</nonterminal>
								</bgf:expression>
							</selectable>
						</bgf:expression>
					</optional>
				</bgf:expression>
			</sequence>
		</bgf:expression>
	</bgf:production>
	<bgf:production>
		<nonterminal>unite</nonterminal>
		<bgf:expression>
			<sequence>
				<bgf:expression>
					<selectable>
						<selector>add</selector>
						<bgf:expression>
							<nonterminal>nonterminal</nonterminal>
						</bgf:expression>
					</selectable>
				</bgf:expression>
				<bgf:expression>
					<selectable>
						<selector>to</selector>
						<bgf:expression>
							<nonterminal>nonterminal</nonterminal>
						</bgf:expression>
					</selectable>
				</bgf:expression>
			</sequence>
		</bgf:expression>
	</bgf:production>
	<bgf:production>
		<nonterminal>equate</nonterminal>
		<bgf:expression>
			<sequence>
				<bgf:expression>
					<selectable>
						<selector>align</selector>
						<bgf:expression>
							<nonterminal>nonterminal</nonterminal>
						</bgf:expression>
					</selectable>
				</bgf:expression>
				<bgf:expression>
					<selectable>
						<selector>with</selector>
						<bgf:expression>
							<nonterminal>nonterminal</nonterminal>
						</bgf:expression>
					</selectable>
				</bgf:expression>
			</sequence>
		</bgf:expression>
	</bgf:production>
	<bgf:production>
		<nonterminal>abstractize</nonterminal>
		<bgf:expression>
			<nonterminal>production</nonterminal>
		</bgf:expression>
	</bgf:production>
	<bgf:production>
		<nonterminal>anonymize</nonterminal>
		<bgf:expression>
			<nonterminal>production</nonterminal>
		</bgf:expression>
	</bgf:production>
	<bgf:production>
		<nonterminal>vertical</nonterminal>
		<bgf:expression>
			<nonterminal>scope</nonterminal>
		</bgf:expression>
	</bgf:production>
	<bgf:production>
		<nonterminal>widen</nonterminal>
		<bgf:expression>
			<sequence>
				<bgf:expression>
					<nonterminal>expression</nonterminal>
				</bgf:expression>
				<bgf:expression>
					<nonterminal>expression</nonterminal>
				</bgf:expression>
				<bgf:expression>
					<optional>
						<bgf:expression>
							<selectable>
								<selector>in</selector>
								<bgf:expression>
									<nonterminal>scope</nonterminal>
								</bgf:expression>
							</selectable>
						</bgf:expression>
					</optional>
				</bgf:expression>
			</sequence>
		</bgf:expression>
	</bgf:production>
	<bgf:production>
		<nonterminal>yaccify</nonterminal>
		<bgf:expression>
			<plus>
				<bgf:expression>
					<nonterminal>production</nonterminal>
				</bgf:expression>
			</plus>
		</bgf:expression>
	</bgf:production>
	<bgf:production>
		<nonterminal>upgrade</nonterminal>
		<bgf:expression>
			<sequence>
				<bgf:expression>
					<nonterminal>production</nonterminal>
				</bgf:expression>
				<bgf:expression>
					<nonterminal>production</nonterminal>
				</bgf:expression>
			</sequence>
		</bgf:expression>
	</bgf:production>
	<bgf:production>
		<nonterminal>scope</nonterminal>
		<bgf:expression>
			<choice>
				<bgf:expression>
					<selectable>
						<selector>label</selector>
						<bgf:expression>
							<nonterminal>label</nonterminal>
						</bgf:expression>
					</selectable>
				</bgf:expression>
				<bgf:expression>
					<selectable>
						<selector>nonterminal</selector>
						<bgf:expression>
							<nonterminal>nonterminal</nonterminal>
						</bgf:expression>
					</selectable>
				</bgf:expression>
			</choice>
		</bgf:expression>
	</bgf:production>
	<bgf:production>
		<nonterminal>grammar</nonterminal>
		<bgf:expression>
			<sequence>
				<bgf:expression>
					<star>
						<bgf:expression>
							<selectable>
								<selector>root</selector>
								<bgf:expression>
									<nonterminal>nonterminal</nonterminal>
								</bgf:expression>
							</selectable>
						</bgf:expression>
					</star>
				</bgf:expression>
				<bgf:expression>
					<star>
						<bgf:expression>
							<nonterminal>production</nonterminal>
						</bgf:expression>
					</star>
				</bgf:expression>
			</sequence>
		</bgf:expression>
	</bgf:production>
	<bgf:production>
		<nonterminal>production</nonterminal>
		<bgf:expression>
			<sequence>
				<bgf:expression>
					<optional>
						<bgf:expression>
							<selectable>
								<selector>label</selector>
								<bgf:expression>
									<nonterminal>label</nonterminal>
								</bgf:expression>
							</selectable>
						</bgf:expression>
					</optional>
				</bgf:expression>
				<bgf:expression>
					<selectable>
						<selector>nonterminal</selector>
						<bgf:expression>
							<nonterminal>nonterminal</nonterminal>
						</bgf:expression>
					</selectable>
				</bgf:expression>
				<bgf:expression>
					<nonterminal>expression</nonterminal>
				</bgf:expression>
			</sequence>
		</bgf:expression>
	</bgf:production>
	<bgf:production>
		<nonterminal>expression</nonterminal>
		<bgf:expression>
			<choice>
				<bgf:expression>
					<selectable>
						<selector>epsilon</selector>
						<bgf:expression>
							<epsilon/>
						</bgf:expression>
					</selectable>
				</bgf:expression>
				<bgf:expression>
					<selectable>
						<selector>empty</selector>
						<bgf:expression>
							<epsilon/>
						</bgf:expression>
					</selectable>
				</bgf:expression>
				<bgf:expression>
					<selectable>
						<selector>value</selector>
						<bgf:expression>
							<nonterminal>value</nonterminal>
						</bgf:expression>
					</selectable>
				</bgf:expression>
				<bgf:expression>
					<selectable>
						<selector>any</selector>
						<bgf:expression>
							<epsilon/>
						</bgf:expression>
					</selectable>
				</bgf:expression>
				<bgf:expression>
					<selectable>
						<selector>terminal</selector>
						<bgf:expression>
							<nonterminal>terminal</nonterminal>
						</bgf:expression>
					</selectable>
				</bgf:expression>
				<bgf:expression>
					<selectable>
						<selector>nonterminal</selector>
						<bgf:expression>
							<nonterminal>nonterminal</nonterminal>
						</bgf:expression>
					</selectable>
				</bgf:expression>
				<bgf:expression>
					<selectable>
						<selector>selectable</selector>
						<bgf:expression>
							<sequence>
								<bgf:expression>
									<selectable>
										<selector>selector</selector>
										<bgf:expression>
											<nonterminal>selector</nonterminal>
										</bgf:expression>
									</selectable>
								</bgf:expression>
								<bgf:expression>
									<nonterminal>expression</nonterminal>
								</bgf:expression>
							</sequence>
						</bgf:expression>
					</selectable>
				</bgf:expression>
				<bgf:expression>
					<selectable>
						<selector>sequence</selector>
						<bgf:expression>
							<plus>
								<bgf:expression>
									<nonterminal>expression</nonterminal>
								</bgf:expression>
							</plus>
						</bgf:expression>
					</selectable>
				</bgf:expression>
				<bgf:expression>
					<selectable>
						<selector>marked</selector>
						<bgf:expression>
							<nonterminal>expression</nonterminal>
						</bgf:expression>
					</selectable>
				</bgf:expression>
				<bgf:expression>
					<selectable>
						<selector>choice</selector>
						<bgf:expression>
							<plus>
								<bgf:expression>
									<nonterminal>expression</nonterminal>
								</bgf:expression>
							</plus>
						</bgf:expression>
					</selectable>
				</bgf:expression>
				<bgf:expression>
					<selectable>
						<selector>optional</selector>
						<bgf:expression>
							<nonterminal>expression</nonterminal>
						</bgf:expression>
					</selectable>
				</bgf:expression>
				<bgf:expression>
					<selectable>
						<selector>plus</selector>
						<bgf:expression>
							<nonterminal>expression</nonterminal>
						</bgf:expression>
					</selectable>
				</bgf:expression>
				<bgf:expression>
					<selectable>
						<selector>star</selector>
						<bgf:expression>
							<nonterminal>expression</nonterminal>
						</bgf:expression>
					</selectable>
				</bgf:expression>
			</choice>
		</bgf:expression>
	</bgf:production>
	<bgf:production>
		<nonterminal>value</nonterminal>
		<bgf:expression>
			<choice>
				<bgf:expression>
					<selectable>
						<selector>int</selector>
						<bgf:expression>
							<epsilon/>
						</bgf:expression>
					</selectable>
				</bgf:expression>
				<bgf:expression>
					<selectable>
						<selector>string</selector>
						<bgf:expression>
							<epsilon/>
						</bgf:expression>
					</selectable>
				</bgf:expression>
			</choice>
		</bgf:expression>
	</bgf:production>
	<bgf:production>
		<nonterminal>label</nonterminal>
		<bgf:expression>
			<value>string</value>
		</bgf:expression>
	</bgf:production>
	<bgf:production>
		<nonterminal>nonterminal</nonterminal>
		<bgf:expression>
			<value>string</value>
		</bgf:expression>
	</bgf:production>
	<bgf:production>
		<nonterminal>selector</nonterminal>
		<bgf:expression>
			<value>string</value>
		</bgf:expression>
	</bgf:production>
	<bgf:production>
		<nonterminal>terminal</nonterminal>
		<bgf:expression>
			<value>string</value>
		</bgf:expression>
	</bgf:production>
</bgf:grammar>
