Loading XML file 'tests/bgf.bgf'.
g( [grammar, production, expression], [
  p([], grammar, ','([*(s(root, n(nonterminal))), *(n(production))])),
  p([], production, ','([?(s(label, n(label))), s(nonterminal, n(nonterminal)), n(expression)])),
  p([], expression, ;([s(epsilon, true), s(empty, true), s(value, n(value)), s(any, true), s(terminal, n(terminal)), s(nonterminal, n(nonterminal)), s(selectable, ','([s(selector, n(selector)), n(expression)])), s(sequence, *(n(expression))), s(choice, *(n(expression))), s(optional, n(expression)), s(plus, n(expression)), s(star, n(expression))])),
  p([], value, ;([s(int, true), s(string, true)])),
  p([], label, v(string)),
  p([], nonterminal, v(string)),
  p([], selector, v(string)),
  p([], terminal, v(string))
])
