Loading XML file 'tests/fl.bgf'.
g( ['Program', 'Fragment'], [
  p([], 'Program', +s(function, n('Function'))),
  p([], 'Fragment', n('Expr')),
  p([], 'Function', ','([s(name, v(string)), +s(arg, v(string)), s(rhs, n('Expr'))])),
  p([], 'Expr', ;([n('Literal'), n('Argument'), n('Binary'), n('IfThenElse'), n('Apply')])),
  p([], 'Literal', s(info, v(int))),
  p([], 'Argument', s(name, v(string))),
  p([], 'Binary', ','([s(ops, n('Ops')), s(left, n('Expr')), s(right, n('Expr'))])),
  p([], 'Ops', ;([s('Equal', true), s('Plus', true), s('Minus', true)])),
  p([], 'IfThenElse', ','([s(ifExpr, n('Expr')), s(thenExpr, n('Expr')), s(elseExpr, n('Expr'))])),
  p([], 'Apply', ','([s(name, v(string)), +s(arg, n('Expr'))]))
])
