Loading XML file 'tests/xbgf.bgf'.
g( [add, define, downcase, eliminate, extract, fold, horizontal, id, inline, introduce, label, massage, permute, project, prune, relabel, relax, remove, rename, reroot, restrict, sequence, skip, strip, unchain, undefine, unfold, unite, vertical], [
  p([], transformation, ;([n(add), n(define), n(downcase), n(eliminate), n(extract), n(fold), n(horizontal), n(id), n(inline), n(introduce), n(label), n(massage), n(prune), n(permute), n(project), n(relax), n(relabel), n(remove), n(rename), n(reroot), n(restrict), n(sequence), n(skip), n(strip), n(unchain), n(undefine), n(unfold), n(unite), n(vertical)])),
  p([], add, n('bgf:production')),
  p([], define, +n('bgf:production')),
  p([], downcase, true),
  p([], eliminate, n('bgf:nonterminal')),
  p([], extract, n('bgf:production')),
  p([], fold, n('bgf:production')),
  p([], horizontal, n('bgf:nonterminal')),
  p([], id, true),
  p([], inline, n('bgf:nonterminal')),
  p([], introduce, +n('bgf:production')),
  p([], label, n('bgf:production')),
  p([], massage, n('bgf:production')),
  p([], permute, n('bgf:production')),
  p([], project, n('bgf:production')),
  p([], prune, n('bgf:nonterminal')),
  p([], relabel, n('bgf:production')),
  p([], relax, n('bgf:production')),
  p([], remove, n('bgf:production')),
  p([], rename, ;([s(label, ','([s(from, n('bgf:label')), s(to, n('bgf:label'))])), s(nonterminal, ','([s(from, n('bgf:nonterminal')), s(to, n('bgf:nonterminal'))])), s(selector, ','([?(s(in, n('bgf:label'))), s(from, n('bgf:selector')), s(to, n('bgf:selector'))])), s(terminal, ','([s(from, n('bgf:terminal')), s(to, n('bgf:terminal'))]))])),
  p([], reroot, *(s(root, n('bgf:nonterminal')))),
  p([], restrict, n('bgf:production')),
  p([], sequence, *(n(transformation))),
  p([], skip, n('bgf:production')),
  p([], strip, ;([s(label, n('bgf:label')), s(allLabels, true), s(selector, n('bgf:selector')), s(allSelectors, true), s(terminal, n('bgf:terminal')), s(allTerminals, true)])),
  p([], unchain, n('bgf:nonterminal')),
  p([], undefine, n('bgf:nonterminal')),
  p([], unfold, n('bgf:production')),
  p([], unite, ','([s(add, n('bgf:nonterminal')), s(to, n('bgf:nonterminal'))])),
  p([], vertical, ;([s(nonterminal, n('bgf:nonterminal')), s(label, n('bgf:label'))]))
])
