Apply:
        name::STR arg::Expr+
Argument:
        name::STR
Binary:
        ops::Ops left::Expr right::Expr
Expr:
        Apply
        Argument
        Binary
        IfThenElse
        Literal
Function:
        name::STR arg::STR+ rhs::Expr
IfThenElse:
        ifExpr::Expr thenExpr::Expr elseExpr::Expr
Literal:
        info::INT
Ops:
        Equal::EPSILON
        Plus::EPSILON
        Minus::EPSILON
ProgramType:
        function::Function+
