<?xml version="1.0" encoding="UTF-8"?>
<bgf:grammar xmlns:bgf="http://planet-sl.org/bgf">
	<bgf:production>
		<nonterminal>program</nonterminal>
		<bgf:expression>
			<nonterminal>statements</nonterminal>
		</bgf:expression>
	</bgf:production>
	<bgf:production>
		<label>slist</label>
		<nonterminal>statements</nonterminal>
		<bgf:expression>
			<sequence>
				<bgf:expression>
					<nonterminal>statement</nonterminal>
				</bgf:expression>
				<bgf:expression>
					<terminal>;</terminal>
				</bgf:expression>
				<bgf:expression>
					<nonterminal>statements</nonterminal>
				</bgf:expression>
			</sequence>
		</bgf:expression>
	</bgf:production>
	<bgf:production>
		<nonterminal>statements</nonterminal>
		<bgf:expression>
			<nonterminal>statement</nonterminal>
		</bgf:expression>
	</bgf:production>
	<bgf:production>
		<label>skip</label>
		<nonterminal>statement</nonterminal>
		<bgf:expression>
			<terminal>skip</terminal>
		</bgf:expression>
	</bgf:production>
	<bgf:production>
		<label>assign</label>
		<nonterminal>statement</nonterminal>
		<bgf:expression>
			<sequence>
				<bgf:expression>
					<nonterminal>identifier</nonterminal>
				</bgf:expression>
				<bgf:expression>
					<terminal>:=</terminal>
				</bgf:expression>
				<bgf:expression>
					<nonterminal>aexpression</nonterminal>
				</bgf:expression>
			</sequence>
		</bgf:expression>
	</bgf:production>
	<bgf:production>
		<label>ifthenelse</label>
		<nonterminal>statement</nonterminal>
		<bgf:expression>
			<sequence>
				<bgf:expression>
					<terminal>if</terminal>
				</bgf:expression>
				<bgf:expression>
					<nonterminal>bexpression</nonterminal>
				</bgf:expression>
				<bgf:expression>
					<terminal>then</terminal>
				</bgf:expression>
				<bgf:expression>
					<nonterminal>statement</nonterminal>
				</bgf:expression>
				<bgf:expression>
					<terminal>else</terminal>
				</bgf:expression>
				<bgf:expression>
					<nonterminal>statement</nonterminal>
				</bgf:expression>
			</sequence>
		</bgf:expression>
	</bgf:production>
	<bgf:production>
		<label>while</label>
		<nonterminal>statement</nonterminal>
		<bgf:expression>
			<sequence>
				<bgf:expression>
					<terminal>while</terminal>
				</bgf:expression>
				<bgf:expression>
					<nonterminal>bexpression</nonterminal>
				</bgf:expression>
				<bgf:expression>
					<terminal>do</terminal>
				</bgf:expression>
				<bgf:expression>
					<nonterminal>statement</nonterminal>
				</bgf:expression>
			</sequence>
		</bgf:expression>
	</bgf:production>
	<bgf:production>
		<label>number</label>
		<nonterminal>aexpression</nonterminal>
		<bgf:expression>
			<nonterminal>number</nonterminal>
		</bgf:expression>
	</bgf:production>
	<bgf:production>
		<label>identifier</label>
		<nonterminal>aexpression</nonterminal>
		<bgf:expression>
			<nonterminal>identifier</nonterminal>
		</bgf:expression>
	</bgf:production>
	<bgf:production>
		<label>add</label>
		<nonterminal>aexpression</nonterminal>
		<bgf:expression>
			<sequence>
				<bgf:expression>
					<terminal>(</terminal>
				</bgf:expression>
				<bgf:expression>
					<nonterminal>aexpression</nonterminal>
				</bgf:expression>
				<bgf:expression>
					<terminal>+</terminal>
				</bgf:expression>
				<bgf:expression>
					<nonterminal>aexpression</nonterminal>
				</bgf:expression>
				<bgf:expression>
					<terminal>)</terminal>
				</bgf:expression>
			</sequence>
		</bgf:expression>
	</bgf:production>
	<bgf:production>
		<label>sub</label>
		<nonterminal>aexpression</nonterminal>
		<bgf:expression>
			<sequence>
				<bgf:expression>
					<terminal>(</terminal>
				</bgf:expression>
				<bgf:expression>
					<nonterminal>aexpression</nonterminal>
				</bgf:expression>
				<bgf:expression>
					<terminal>-</terminal>
				</bgf:expression>
				<bgf:expression>
					<nonterminal>aexpression</nonterminal>
				</bgf:expression>
				<bgf:expression>
					<terminal>)</terminal>
				</bgf:expression>
			</sequence>
		</bgf:expression>
	</bgf:production>
	<bgf:production>
		<label>mul</label>
		<nonterminal>aexpression</nonterminal>
		<bgf:expression>
			<sequence>
				<bgf:expression>
					<terminal>(</terminal>
				</bgf:expression>
				<bgf:expression>
					<nonterminal>aexpression</nonterminal>
				</bgf:expression>
				<bgf:expression>
					<terminal>*</terminal>
				</bgf:expression>
				<bgf:expression>
					<nonterminal>aexpression</nonterminal>
				</bgf:expression>
				<bgf:expression>
					<terminal>)</terminal>
				</bgf:expression>
			</sequence>
		</bgf:expression>
	</bgf:production>
	<bgf:production>
		<label>true</label>
		<nonterminal>bexpression</nonterminal>
		<bgf:expression>
			<terminal>true</terminal>
		</bgf:expression>
	</bgf:production>
	<bgf:production>
		<label>false</label>
		<nonterminal>bexpression</nonterminal>
		<bgf:expression>
			<terminal>false</terminal>
		</bgf:expression>
	</bgf:production>
	<bgf:production>
		<label>equals</label>
		<nonterminal>bexpression</nonterminal>
		<bgf:expression>
			<sequence>
				<bgf:expression>
					<nonterminal>aexpression</nonterminal>
				</bgf:expression>
				<bgf:expression>
					<terminal>=</terminal>
				</bgf:expression>
				<bgf:expression>
					<nonterminal>aexpression</nonterminal>
				</bgf:expression>
			</sequence>
		</bgf:expression>
	</bgf:production>
	<bgf:production>
		<label>lte</label>
		<nonterminal>bexpression</nonterminal>
		<bgf:expression>
			<sequence>
				<bgf:expression>
					<nonterminal>aexpression</nonterminal>
				</bgf:expression>
				<bgf:expression>
					<terminal>≤</terminal>
				</bgf:expression>
				<bgf:expression>
					<nonterminal>aexpression</nonterminal>
				</bgf:expression>
			</sequence>
		</bgf:expression>
	</bgf:production>
	<bgf:production>
		<label>not</label>
		<nonterminal>bexpression</nonterminal>
		<bgf:expression>
			<sequence>
				<bgf:expression>
					<terminal>¬</terminal>
				</bgf:expression>
				<bgf:expression>
					<nonterminal>bexpression</nonterminal>
				</bgf:expression>
			</sequence>
		</bgf:expression>
	</bgf:production>
	<bgf:production>
		<label>and</label>
		<nonterminal>bexpression</nonterminal>
		<bgf:expression>
			<sequence>
				<bgf:expression>
					<terminal>(</terminal>
				</bgf:expression>
				<bgf:expression>
					<nonterminal>bexpression</nonterminal>
				</bgf:expression>
				<bgf:expression>
					<terminal>^</terminal>
				</bgf:expression>
				<bgf:expression>
					<nonterminal>bexpression</nonterminal>
				</bgf:expression>
				<bgf:expression>
					<terminal>)</terminal>
				</bgf:expression>
			</sequence>
		</bgf:expression>
	</bgf:production>
	<bgf:production>
		<nonterminal>layout</nonterminal>
		<bgf:expression>
			<sequence>
				<bgf:expression>
					<terminal> </terminal>
				</bgf:expression>
				<bgf:expression>
					<nonterminal>layout</nonterminal>
				</bgf:expression>
			</sequence>
		</bgf:expression>
	</bgf:production>
	<bgf:production>
		<nonterminal>layout</nonterminal>
		<bgf:expression>
			<sequence>
				<bgf:expression>
					<terminal>	</terminal>
				</bgf:expression>
				<bgf:expression>
					<nonterminal>layout</nonterminal>
				</bgf:expression>
			</sequence>
		</bgf:expression>
	</bgf:production>
	<bgf:production>
		<nonterminal>layout</nonterminal>
		<bgf:expression>
			<sequence>
				<bgf:expression>
					<nonterminal>NEWLINE</nonterminal>
				</bgf:expression>
				<bgf:expression>
					<nonterminal>layout</nonterminal>
				</bgf:expression>
			</sequence>
		</bgf:expression>
	</bgf:production>
	<bgf:production>
		<nonterminal>layout</nonterminal>
		<bgf:expression>
			<epsilon/>
		</bgf:expression>
	</bgf:production>
	<bgf:production>
		<nonterminal>keyword</nonterminal>
		<bgf:expression>
			<sequence>
				<bgf:expression>
					<nonterminal>layout</nonterminal>
				</bgf:expression>
				<bgf:expression>
					<nonterminal>string</nonterminal>
				</bgf:expression>
			</sequence>
		</bgf:expression>
	</bgf:production>
	<bgf:production>
		<nonterminal>number</nonterminal>
		<bgf:expression>
			<sequence>
				<bgf:expression>
					<nonterminal>layout</nonterminal>
				</bgf:expression>
				<bgf:expression>
					<nonterminal>digit</nonterminal>
				</bgf:expression>
				<bgf:expression>
					<nonterminal>digits</nonterminal>
				</bgf:expression>
			</sequence>
		</bgf:expression>
	</bgf:production>
	<bgf:production>
		<nonterminal>digits</nonterminal>
		<bgf:expression>
			<sequence>
				<bgf:expression>
					<nonterminal>digit</nonterminal>
				</bgf:expression>
				<bgf:expression>
					<nonterminal>digits</nonterminal>
				</bgf:expression>
			</sequence>
		</bgf:expression>
	</bgf:production>
	<bgf:production>
		<nonterminal>digits</nonterminal>
		<bgf:expression>
			<epsilon/>
		</bgf:expression>
	</bgf:production>
	<bgf:production>
		<nonterminal>identifier</nonterminal>
		<bgf:expression>
			<sequence>
				<bgf:expression>
					<nonterminal>layout</nonterminal>
				</bgf:expression>
				<bgf:expression>
					<nonterminal>letter</nonterminal>
				</bgf:expression>
				<bgf:expression>
					<nonterminal>letters</nonterminal>
				</bgf:expression>
			</sequence>
		</bgf:expression>
	</bgf:production>
	<bgf:production>
		<nonterminal>letters</nonterminal>
		<bgf:expression>
			<sequence>
				<bgf:expression>
					<nonterminal>letter</nonterminal>
				</bgf:expression>
				<bgf:expression>
					<nonterminal>letters</nonterminal>
				</bgf:expression>
			</sequence>
		</bgf:expression>
	</bgf:production>
	<bgf:production>
		<nonterminal>letters</nonterminal>
		<bgf:expression>
			<epsilon/>
		</bgf:expression>
	</bgf:production>
</bgf:grammar>
