<?xml version="1.0" encoding="UTF-8"?>
<bgf:grammar xmlns:bgf="http://planet-sl.org/bgf">
	<bgf:production>
		<label>tree</label>
		<nonterminal>tree</nonterminal>
		<bgf:expression>
			<sequence>
				<bgf:expression>
					<nonterminal>layout</nonterminal>
				</bgf:expression>
				<bgf:expression>
					<nonterminal>string</nonterminal>
				</bgf:expression>
				<bgf:expression>
					<nonterminal>name</nonterminal>
				</bgf:expression>
				<bgf:expression>
					<nonterminal>attrs</nonterminal>
				</bgf:expression>
				<bgf:expression>
					<nonterminal>string</nonterminal>
				</bgf:expression>
				<bgf:expression>
					<nonterminal>trees</nonterminal>
				</bgf:expression>
				<bgf:expression>
					<nonterminal>string</nonterminal>
				</bgf:expression>
				<bgf:expression>
					<nonterminal>name</nonterminal>
				</bgf:expression>
				<bgf:expression>
					<nonterminal>string</nonterminal>
				</bgf:expression>
				<bgf:expression>
					<nonterminal>layout</nonterminal>
				</bgf:expression>
			</sequence>
		</bgf:expression>
	</bgf:production>
	<bgf:production>
		<nonterminal>trees</nonterminal>
		<bgf:expression>
			<sequence>
				<bgf:expression>
					<nonterminal>tree</nonterminal>
				</bgf:expression>
				<bgf:expression>
					<nonterminal>trees</nonterminal>
				</bgf:expression>
			</sequence>
		</bgf:expression>
	</bgf:production>
	<bgf:production>
		<nonterminal>trees</nonterminal>
		<bgf:expression>
			<epsilon/>
		</bgf:expression>
	</bgf:production>
	<bgf:production>
		<nonterminal>attrs</nonterminal>
		<bgf:expression>
			<sequence>
				<bgf:expression>
					<nonterminal>layout</nonterminal>
				</bgf:expression>
				<bgf:expression>
					<nonterminal>attr</nonterminal>
				</bgf:expression>
				<bgf:expression>
					<nonterminal>attrs</nonterminal>
				</bgf:expression>
			</sequence>
		</bgf:expression>
	</bgf:production>
	<bgf:production>
		<nonterminal>attrs</nonterminal>
		<bgf:expression>
			<epsilon/>
		</bgf:expression>
	</bgf:production>
	<bgf:production>
		<nonterminal>attr</nonterminal>
		<bgf:expression>
			<sequence>
				<bgf:expression>
					<nonterminal>name</nonterminal>
				</bgf:expression>
				<bgf:expression>
					<nonterminal>string</nonterminal>
				</bgf:expression>
				<bgf:expression>
					<nonterminal>value</nonterminal>
				</bgf:expression>
			</sequence>
		</bgf:expression>
	</bgf:production>
	<bgf:production>
		<nonterminal>layout</nonterminal>
		<bgf:expression>
			<sequence>
				<bgf:expression>
					<terminal> </terminal>
				</bgf:expression>
				<bgf:expression>
					<nonterminal>layout</nonterminal>
				</bgf:expression>
			</sequence>
		</bgf:expression>
	</bgf:production>
	<bgf:production>
		<nonterminal>layout</nonterminal>
		<bgf:expression>
			<sequence>
				<bgf:expression>
					<terminal>	</terminal>
				</bgf:expression>
				<bgf:expression>
					<nonterminal>layout</nonterminal>
				</bgf:expression>
			</sequence>
		</bgf:expression>
	</bgf:production>
	<bgf:production>
		<nonterminal>layout</nonterminal>
		<bgf:expression>
			<sequence>
				<bgf:expression>
					<nonterminal>NEWLINE</nonterminal>
				</bgf:expression>
				<bgf:expression>
					<nonterminal>layout</nonterminal>
				</bgf:expression>
			</sequence>
		</bgf:expression>
	</bgf:production>
	<bgf:production>
		<nonterminal>layout</nonterminal>
		<bgf:expression>
			<epsilon/>
		</bgf:expression>
	</bgf:production>
	<bgf:production>
		<nonterminal>name</nonterminal>
		<bgf:expression>
			<sequence>
				<bgf:expression>
					<nonterminal>letter</nonterminal>
				</bgf:expression>
				<bgf:expression>
					<nonterminal>letters</nonterminal>
				</bgf:expression>
			</sequence>
		</bgf:expression>
	</bgf:production>
	<bgf:production>
		<nonterminal>letters</nonterminal>
		<bgf:expression>
			<sequence>
				<bgf:expression>
					<nonterminal>letter</nonterminal>
				</bgf:expression>
				<bgf:expression>
					<nonterminal>letters</nonterminal>
				</bgf:expression>
			</sequence>
		</bgf:expression>
	</bgf:production>
	<bgf:production>
		<nonterminal>letters</nonterminal>
		<bgf:expression>
			<epsilon/>
		</bgf:expression>
	</bgf:production>
	<bgf:production>
		<nonterminal>value</nonterminal>
		<bgf:expression>
			<sequence>
				<bgf:expression>
					<nonterminal>string</nonterminal>
				</bgf:expression>
				<bgf:expression>
					<nonterminal>string</nonterminal>
				</bgf:expression>
				<bgf:expression>
					<nonterminal>string</nonterminal>
				</bgf:expression>
			</sequence>
		</bgf:expression>
	</bgf:production>
</bgf:grammar>
