Loading XML file 'tests/fl.bgf'.
g( [], [
  p([], program, +n(function)),
  p([], function, ','([n('ID'), +n('ID'), t(=), n(expr), +n('NEWLINE')])),
  p([], expr, ;([n(binary), n(apply), n(ifthenelse)])),
  p([], binary, ','([n(atom), *(','([n(ops), n(atom)]))])),
  p([], apply, ','([n('ID'), +n(atom)])),
  p([], ifthenelse, ','([t(if), n(expr), t(then), n(expr), t(else), n(expr)])),
  p([], atom, ;([n('ID'), n('INT'), ','([t('('), n(expr), t(')')])])),
  p([], ops, ;([t(==), t(+), t(-)]))
])
